apiVersion: v1
automountServiceAccountToken: true
kind: ServiceAccount
metadata:
  labels:
    app.kubernetes.io/component: admission-webhook
    app.kubernetes.io/instance: ingress-nginx
    app.kubernetes.io/name: ingress-nginx
    app.kubernetes.io/part-of: ingress-nginx
    app.kubernetes.io/version: 1.13.1
  name: ingress-nginx-admission
  namespace: ingress-nginx
