apiVersion: batch/v1
kind: Job
metadata:
  labels:
    app.kubernetes.io/component: admission-webhook
    app.kubernetes.io/instance: ingress-nginx
    app.kubernetes.io/name: ingress-nginx
    app.kubernetes.io/part-of: ingress-nginx
    app.kubernetes.io/version: 1.13.1
  name: ingress-nginx-admission-patch
  namespace: ingress-nginx
spec:
  template:
    metadata:
      labels:
        app.kubernetes.io/component: admission-webhook
        app.kubernetes.io/instance: ingress-nginx
        app.kubernetes.io/name: ingress-nginx
        app.kubernetes.io/part-of: ingress-nginx
        app.kubernetes.io/version: 1.13.1
      name: ingress-nginx-admission-patch
    spec:
      automountServiceAccountToken: true
      containers:
        - args:
            - patch
            - --webhook-name=ingress-nginx-admission
            - --namespace=$(POD_NAMESPACE)
            - --patch-mutating=false
            - --secret-name=ingress-nginx-admission
            - --patch-failure-policy=Fail
          env:
            - name: POD_NAMESPACE
              valueFrom:
                fieldRef:
                  fieldPath: metadata.namespace
          image: registry.k8s.io/ingress-nginx/kube-webhook-certgen:v1.6.1@sha256:e63459ec5965840af34d6d6a2f4c017eb6e212db83e054908d0bd148e1f35489
          imagePullPolicy: IfNotPresent
          name: patch
          securityContext:
            allowPrivilegeEscalation: false
            capabilities:
              drop:
                - ALL
            readOnlyRootFilesystem: true
            runAsGroup: 65532
            runAsNonRoot: true
            runAsUser: 65532
            seccompProfile:
              type: RuntimeDefault
      nodeSelector:
        kubernetes.io/os: linux
      restartPolicy: OnFailure
      serviceAccountName: ingress-nginx-admission
  ttlSecondsAfterFinished: 0
