apiVersion: crib.smartcontract.com/v1alpha1
kind: ClientSideApply
metadata:
  name: testingapp-5b9bc-sdk-clientsideapply-81f3d502-c8f4cd8e
  namespace: test-namespace
spec:
  action: kubectl
  args:
    - wait
    - -n
    - test-namespace
    - --for=condition=available
    - deployment
    - -l=app=traffic-manager,telepresence=manager
    - --timeout=600s
  onFailure: abort
