apiVersion: v1
kind: ServiceAccount
metadata:
  labels:
    app.kubernetes.io/instance: test-instance
    app.kubernetes.io/name: test-app
  name: test-service-account
  namespace: test-namespace
