apiVersion: v1
kind: ConfigMap
metadata:
  labels:
    app.kubernetes.io/instance: test-app-123
    app.kubernetes.io/name: test-app
  name: test-cm
  namespace: test-namespace
