apiVersion: v1
kind: Pod
metadata:
  name: testchart-test-pod-c8ca9a4f
spec:
  containers:
    - name: test-container
  imagePullSecrets:
    - name: test-secret
