apiVersion: v1
kind: Service
metadata:
  name: testchart-test-service-c8e57610
spec:
  externalName: test-service
